[2026-09-04T21:20:16.922Z] loaded 4453 urls from ./urls.jsonl (concurrency=16, timeout=30s, retries=2)
[2026-09-04T21:20:16.925Z] skipping 0 already in manifest; queue = 4453
[2026-09-04T21:20:27.425Z] progress 50/4453 ok=40 fail=10
[2026-09-04T21:20:33.717Z] progress 100/4453 ok=84 fail=16
[2026-09-04T21:20:38.604Z] progress 150/4453 ok=130 fail=20
[2026-09-04T21:20:46.455Z] progress 200/4453 ok=176 fail=24
[2026-09-04T21:20:53.892Z] progress 250/4453 ok=213 fail=37
[2026-09-04T21:21:01.098Z] progress 300/4453 ok=257 fail=43
[2026-09-04T21:21:07.811Z] progress 350/4453 ok=298 fail=52
[2026-09-04T21:21:15.381Z] progress 400/4453 ok=342 fail=58
[2026-09-04T21:21:27.911Z] progress 450/4453 ok=371 fail=79
[2026-09-04T21:21:35.997Z] progress 500/4453 ok=411 fail=89
[2026-09-04T21:21:42.205Z] progress 550/4453 ok=450 fail=100
[2026-09-04T21:21:48.458Z] progress 600/4453 ok=493 fail=107
[2026-09-04T21:22:00.078Z] progress 650/4453 ok=529 fail=121
[2026-09-04T21:22:06.990Z] progress 700/4453 ok=572 fail=128
[2026-09-04T21:22:13.931Z] progress 750/4453 ok=614 fail=136
[2026-09-04T21:22:21.625Z] progress 800/4453 ok=640 fail=160
[2026-09-04T21:22:31.974Z] progress 850/4453 ok=671 fail=179
[2026-09-04T21:22:37.161Z] progress 900/4453 ok=713 fail=187
[2026-09-04T21:22:48.152Z] progress 950/4453 ok=745 fail=205
[2026-09-04T21:22:56.547Z] progress 1000/4453 ok=784 fail=216
[2026-09-04T21:23:02.172Z] progress 1050/4453 ok=827 fail=223
[2026-09-04T21:23:11.070Z] progress 1100/4453 ok=871 fail=229
[2026-09-04T21:23:21.293Z] progress 1150/4453 ok=905 fail=245
[2026-09-04T21:23:29.584Z] progress 1200/4453 ok=944 fail=256
[2026-09-04T21:23:41.981Z] progress 1250/4453 ok=981 fail=269
[2026-09-04T21:23:51.260Z] progress 1300/4453 ok=1019 fail=281
[2026-09-04T21:24:02.747Z] progress 1350/4453 ok=1051 fail=299
[2026-09-04T21:24:14.341Z] progress 1400/4453 ok=1092 fail=308
[2026-09-04T21:24:29.077Z] progress 1450/4453 ok=1119 fail=331
[2026-09-04T21:24:36.440Z] progress 1500/4453 ok=1147 fail=353
[2026-09-04T21:24:42.005Z] progress 1550/4453 ok=1183 fail=367
[2026-09-04T21:24:47.246Z] progress 1600/4453 ok=1232 fail=368
[2026-09-04T21:24:55.006Z] progress 1650/4453 ok=1269 fail=381
[2026-09-04T21:24:58.591Z] loaded 3 urls from urls-layer2.jsonl (concurrency=4, timeout=60s, retries=2)
[2026-09-04T21:24:58.596Z] skipping 1653 already in manifest; queue = 3
[2026-09-04T21:24:59.104Z] DONE in 0.0 min — ok=0 fail=3 attempted=3
[2026-09-04T21:25:09.669Z] progress 1700/4453 ok=1303 fail=397
[2026-09-04T21:25:17.774Z] progress 1750/4453 ok=1348 fail=402
[2026-09-04T21:25:28.237Z] progress 1800/4453 ok=1391 fail=409
[2026-09-04T21:25:37.245Z] progress 1850/4453 ok=1428 fail=422
[2026-09-04T21:25:44.143Z] progress 1900/4453 ok=1472 fail=428
[2026-09-04T21:25:49.932Z] progress 1950/4453 ok=1510 fail=440
[2026-09-04T21:26:00.452Z] progress 2000/4453 ok=1547 fail=453
[2026-09-04T21:26:07.455Z] progress 2050/4453 ok=1594 fail=456
[2026-09-04T21:26:21.281Z] progress 2100/4453 ok=1631 fail=469
[2026-09-04T21:26:29.151Z] progress 2150/4453 ok=1676 fail=474
[2026-09-04T21:26:39.233Z] progress 2200/4453 ok=1712 fail=488
[2026-09-04T21:26:44.666Z] progress 2250/4453 ok=1752 fail=498
[2026-09-04T21:26:47.301Z] progress 2300/4453 ok=1799 fail=501
[2026-09-04T21:26:48.916Z] progress 2350/4453 ok=1836 fail=514
[2026-09-04T21:26:50.946Z] progress 2400/4453 ok=1859 fail=541
[2026-09-04T21:27:03.296Z] progress 2450/4453 ok=1884 fail=566
[2026-09-04T21:27:18.902Z] progress 2500/4453 ok=1922 fail=578
[2026-09-04T21:27:25.640Z] progress 2550/4453 ok=1970 fail=580
[2026-09-04T21:27:36.553Z] progress 2600/4453 ok=2007 fail=593
[2026-09-04T21:27:41.576Z] progress 2650/4453 ok=2051 fail=599
[2026-09-04T21:27:52.527Z] progress 2700/4453 ok=2086 fail=614
[2026-09-04T21:27:59.296Z] progress 2750/4453 ok=2127 fail=623
[2026-09-04T21:28:05.946Z] progress 2800/4453 ok=2166 fail=634
[2026-09-04T21:28:14.752Z] progress 2850/4453 ok=2208 fail=642
[2026-09-04T21:28:25.670Z] progress 2900/4453 ok=2243 fail=657
[2026-09-04T21:28:37.189Z] progress 2950/4453 ok=2282 fail=668
[2026-09-04T21:28:47.868Z] progress 3000/4453 ok=2313 fail=687
[2026-09-04T21:28:57.725Z] progress 3050/4453 ok=2346 fail=704
[2026-09-04T21:29:03.533Z] progress 3100/4453 ok=2390 fail=710
[2026-09-04T21:29:14.456Z] progress 3150/4453 ok=2419 fail=731
[2026-09-04T21:29:34.556Z] progress 3200/4453 ok=2419 fail=781
[2026-09-04T21:29:50.629Z] progress 3250/4453 ok=2429 fail=821
[2026-09-04T21:29:54.583Z] progress 3300/4453 ok=2469 fail=831
[2026-09-04T21:30:02.214Z] progress 3350/4453 ok=2516 fail=834
[2026-09-04T21:30:09.783Z] progress 3400/4453 ok=2551 fail=849
[2026-09-04T21:30:20.153Z] progress 3450/4453 ok=2586 fail=864
[2026-09-04T21:30:37.399Z] progress 3500/4453 ok=2611 fail=889
[2026-09-04T21:30:46.520Z] progress 3550/4453 ok=2654 fail=896
[2026-09-04T21:30:51.686Z] progress 3600/4453 ok=2692 fail=908
[2026-09-04T21:30:54.447Z] progress 3650/4453 ok=2741 fail=909
[2026-09-04T21:31:12.624Z] progress 3700/4453 ok=2749 fail=951
[2026-09-04T21:31:23.998Z] progress 3750/4453 ok=2772 fail=978
[2026-09-04T21:31:43.332Z] progress 3800/4453 ok=2793 fail=1007
[2026-09-04T21:31:49.481Z] progress 3850/4453 ok=2833 fail=1017
[2026-09-04T21:31:59.233Z] progress 3900/4453 ok=2870 fail=1030
[2026-09-04T21:32:10.300Z] progress 3950/4453 ok=2895 fail=1055
[2026-09-04T21:32:15.645Z] progress 4000/4453 ok=2942 fail=1058
[2026-09-04T21:32:27.916Z] progress 4050/4453 ok=2978 fail=1072
[2026-09-04T21:32:33.636Z] progress 4100/4453 ok=3026 fail=1074
[2026-09-04T21:32:42.262Z] progress 4150/4453 ok=3070 fail=1080
[2026-09-04T21:32:48.475Z] progress 4200/4453 ok=3115 fail=1085
[2026-09-04T21:32:51.326Z] progress 4250/4453 ok=3161 fail=1089
[2026-09-04T21:33:19.582Z] progress 4300/4453 ok=3188 fail=1112
[2026-09-04T21:34:06.648Z] progress 4350/4453 ok=3188 fail=1162
[2026-09-04T21:34:54.488Z] progress 4400/4453 ok=3188 fail=1212
[2026-09-04T21:35:25.868Z] progress 4450/4453 ok=3203 fail=1247
[2026-09-04T21:36:10.004Z] DONE in 15.9 min — ok=3204 fail=1249 attempted=4453
[2026-09-04T22:14:27.182Z] loaded 0 urls from collusion-wiki-scraper/urls-all.jsonl (concurrency=12, timeout=30s, retries=2)
[2026-09-04T22:14:27.196Z] skipping 4456 already in manifest; queue = 0
[2026-09-04T22:14:27.198Z] DONE in 0.0 min — ok=0 fail=0 attempted=0
[2026-09-04T22:14:50.956Z] loaded 19130 urls from collusion-wiki-scraper/urls-all.jsonl (concurrency=12, timeout=30s, retries=2)
[2026-09-04T22:14:50.970Z] skipping 4456 already in manifest; queue = 19130
[2026-09-04T22:14:52.895Z] progress 50/19130 ok=48 fail=2
[2026-09-04T22:14:54.064Z] progress 100/19130 ok=94 fail=6
[2026-09-04T22:14:55.448Z] progress 150/19130 ok=136 fail=14
[2026-09-04T22:14:57.158Z] progress 200/19130 ok=186 fail=14
[2026-09-04T22:15:14.304Z] progress 250/19130 ok=223 fail=27
[2026-09-04T22:15:43.308Z] progress 300/19130 ok=228 fail=72
[2026-09-04T22:15:45.729Z] progress 350/19130 ok=262 fail=88
[2026-09-04T22:15:49.861Z] progress 400/19130 ok=309 fail=91
[2026-09-04T22:15:52.271Z] progress 450/19130 ok=348 fail=102
[2026-09-04T22:15:55.904Z] progress 500/19130 ok=387 fail=113
[2026-09-04T22:16:12.934Z] progress 550/19130 ok=430 fail=120
[2026-09-04T22:16:17.035Z] progress 600/19130 ok=468 fail=132
[2026-09-04T22:16:24.284Z] progress 650/19130 ok=514 fail=136
[2026-09-04T22:16:33.525Z] progress 700/19130 ok=557 fail=143
[2026-09-04T22:16:35.624Z] progress 750/19130 ok=603 fail=147
[2026-09-04T22:16:51.256Z] progress 800/19130 ok=646 fail=154
[2026-09-04T22:16:58.545Z] progress 850/19130 ok=684 fail=166
[2026-09-04T22:17:15.007Z] progress 900/19130 ok=717 fail=183
[2026-09-04T22:17:17.365Z] progress 950/19130 ok=754 fail=196
[2026-09-04T22:17:23.505Z] progress 1000/19130 ok=790 fail=210
[2026-09-04T22:17:35.855Z] progress 1050/19130 ok=823 fail=227
[2026-09-04T22:17:57.540Z] progress 1100/19130 ok=862 fail=238
[2026-09-04T22:18:07.091Z] progress 1150/19130 ok=904 fail=246
[2026-09-04T22:18:33.541Z] progress 1200/19130 ok=943 fail=257
[2026-09-04T22:19:10.515Z] progress 1250/19130 ok=965 fail=285
[2026-09-04T22:19:21.786Z] progress 1300/19130 ok=1001 fail=299
[2026-09-04T22:19:45.323Z] progress 1350/19130 ok=1029 fail=321
[2026-09-04T22:20:04.389Z] progress 1400/19130 ok=1063 fail=337
[2026-09-04T22:20:28.011Z] progress 1450/19130 ok=1094 fail=356
[2026-09-04T22:20:49.682Z] progress 1500/19130 ok=1123 fail=377
[2026-09-04T22:20:55.436Z] progress 1550/19130 ok=1171 fail=379
[2026-09-04T22:21:04.432Z] progress 1600/19130 ok=1215 fail=385
[2026-09-04T22:21:07.817Z] progress 1650/19130 ok=1254 fail=396
[2026-09-04T22:21:28.053Z] progress 1700/19130 ok=1284 fail=416
[2026-09-04T22:21:39.766Z] progress 1750/19130 ok=1323 fail=427
[2026-09-04T22:21:47.514Z] progress 1800/19130 ok=1364 fail=436
[2026-09-04T22:21:57.319Z] progress 1850/19130 ok=1408 fail=442
[2026-09-04T22:22:09.551Z] progress 1900/19130 ok=1442 fail=458
[2026-09-04T22:22:26.825Z] progress 1950/19130 ok=1476 fail=474
[2026-09-04T22:22:35.153Z] progress 2000/19130 ok=1510 fail=490
[2026-09-04T22:22:56.493Z] progress 2050/19130 ok=1538 fail=512
[2026-09-04T22:22:59.546Z] progress 2100/19130 ok=1585 fail=515
[2026-09-04T22:23:08.682Z] loaded 17734 urls from collusion-wiki-scraper/urls-all-nosec.jsonl (concurrency=12, timeout=30s, retries=2)
[2026-09-04T22:23:08.699Z] skipping 6568 already in manifest; queue = 15929
[2026-09-04T22:23:24.893Z] progress 50/15929 ok=41 fail=9
[2026-09-04T22:23:28.664Z] progress 100/15929 ok=83 fail=17
[2026-09-04T22:23:38.184Z] progress 150/15929 ok=126 fail=24
[2026-09-04T22:23:48.881Z] progress 200/15929 ok=160 fail=40
[2026-09-04T22:23:52.981Z] progress 250/15929 ok=197 fail=53
[2026-09-04T22:23:58.072Z] progress 300/15929 ok=239 fail=61
[2026-09-04T22:24:02.493Z] progress 350/15929 ok=279 fail=71
[2026-09-04T22:24:06.641Z] progress 400/15929 ok=326 fail=74
[2026-09-04T22:24:15.338Z] progress 450/15929 ok=367 fail=83
[2026-09-04T22:24:34.210Z] progress 500/15929 ok=403 fail=97
[2026-09-04T22:24:39.709Z] progress 550/15929 ok=451 fail=99
[2026-09-04T22:24:52.736Z] progress 600/15929 ok=494 fail=106
[2026-09-04T22:24:59.870Z] progress 650/15929 ok=527 fail=123
[2026-09-04T22:25:12.451Z] progress 700/15929 ok=568 fail=132
[2026-09-04T22:25:22.734Z] progress 750/15929 ok=609 fail=141
[2026-09-04T22:25:28.821Z] progress 800/15929 ok=648 fail=152
[2026-09-04T22:25:45.277Z] progress 850/15929 ok=680 fail=170
[2026-09-04T22:25:51.363Z] progress 900/15929 ok=718 fail=182
[2026-09-04T22:26:03.259Z] progress 950/15929 ok=751 fail=199
[2026-09-04T22:26:07.482Z] progress 1000/15929 ok=795 fail=205
[2026-09-04T22:26:11.160Z] progress 1050/15929 ok=840 fail=210
[2026-09-04T22:26:17.685Z] progress 1100/15929 ok=882 fail=218
[2026-09-04T22:26:32.549Z] progress 1150/15929 ok=917 fail=233
[2026-09-04T22:26:32.734Z] loaded 192 urls from collusion-wiki-scraper/urls-sec153.jsonl (concurrency=3, timeout=20s, retries=0)
[2026-09-04T22:26:32.755Z] skipping 7719 already in manifest; queue = 135
[2026-09-04T22:26:35.183Z] progress 50/135 ok=16 fail=34
[2026-09-04T22:26:35.753Z] progress 100/135 ok=16 fail=84
[2026-09-04T22:26:36.095Z] DONE in 0.1 min — ok=16 fail=119 attempted=135
[2026-09-04T22:26:43.756Z] progress 1200/15929 ok=962 fail=238
[2026-09-04T22:26:49.326Z] progress 1250/15929 ok=1002 fail=248
[2026-09-04T22:26:51.582Z] progress 1300/15929 ok=1049 fail=251
[2026-09-04T22:26:56.648Z] progress 1350/15929 ok=1093 fail=257
[2026-09-04T22:27:14.497Z] progress 1400/15929 ok=1132 fail=268
[2026-09-04T22:27:17.224Z] progress 1450/15929 ok=1174 fail=276
[2026-09-04T22:27:19.307Z] progress 1500/15929 ok=1224 fail=276
[2026-09-04T22:27:41.731Z] progress 1550/15929 ok=1257 fail=293
[2026-09-04T22:28:13.832Z] progress 1600/15929 ok=1288 fail=312
[2026-09-04T22:28:26.735Z] progress 1650/15929 ok=1326 fail=324
[2026-09-04T22:28:31.549Z] progress 1700/15929 ok=1356 fail=344
[2026-09-04T22:28:38.459Z] progress 1750/15929 ok=1384 fail=366
[2026-09-04T22:28:46.264Z] progress 1800/15929 ok=1423 fail=377
[2026-09-04T22:28:49.618Z] progress 1850/15929 ok=1469 fail=381
[2026-09-04T22:28:56.066Z] progress 1900/15929 ok=1511 fail=389
[2026-09-04T22:29:01.173Z] progress 1950/15929 ok=1555 fail=395
[2026-09-04T22:29:06.954Z] progress 2000/15929 ok=1602 fail=398
[2026-09-04T22:29:13.072Z] progress 2050/15929 ok=1643 fail=407
[2026-09-04T22:29:16.888Z] progress 2100/15929 ok=1692 fail=408
[2026-09-04T22:29:18.814Z] progress 2150/15929 ok=1739 fail=411
[2026-09-04T22:29:20.524Z] progress 2200/15929 ok=1788 fail=412
[2026-09-04T22:29:22.352Z] progress 2250/15929 ok=1838 fail=412
[2026-09-04T22:29:24.176Z] progress 2300/15929 ok=1887 fail=413
[2026-09-04T22:29:29.253Z] progress 2350/15929 ok=1933 fail=417
[2026-09-04T22:29:37.787Z] progress 2400/15929 ok=1977 fail=423
[2026-09-04T22:29:39.634Z] progress 2450/15929 ok=2027 fail=423
[2026-09-04T22:29:52.707Z] progress 2500/15929 ok=2073 fail=427
[2026-09-04T22:29:59.776Z] progress 2550/15929 ok=2113 fail=437
[2026-09-04T22:30:08.500Z] progress 2600/15929 ok=2157 fail=443
[2026-09-04T22:30:13.356Z] progress 2650/15929 ok=2202 fail=448
[2026-09-04T22:30:17.337Z] progress 2700/15929 ok=2246 fail=454
[2026-09-04T22:30:20.410Z] progress 2750/15929 ok=2292 fail=458
[2026-09-04T22:30:24.464Z] progress 2800/15929 ok=2338 fail=462
[2026-09-04T22:30:31.360Z] progress 2850/15929 ok=2381 fail=469
[2026-09-04T22:30:37.638Z] progress 2900/15929 ok=2430 fail=470
[2026-09-04T22:30:41.996Z] progress 2950/15929 ok=2472 fail=478
[2026-09-04T22:30:46.386Z] progress 3000/15929 ok=2520 fail=480
[2026-09-04T22:30:49.166Z] progress 3050/15929 ok=2558 fail=492
[2026-09-04T22:30:55.039Z] progress 3100/15929 ok=2608 fail=492
[2026-09-04T22:31:09.272Z] progress 3150/15929 ok=2646 fail=504
[2026-09-04T22:31:20.580Z] progress 3200/15929 ok=2682 fail=518
[2026-09-04T22:32:00.285Z] progress 3250/15929 ok=2703 fail=547
[2026-09-04T22:32:06.381Z] progress 3300/15929 ok=2743 fail=557
[2026-09-04T22:32:08.606Z] progress 3350/15929 ok=2789 fail=561
[2026-09-04T22:32:14.248Z] progress 3400/15929 ok=2837 fail=563
[2026-09-04T22:32:17.801Z] progress 3450/15929 ok=2883 fail=567
[2026-09-04T22:32:26.872Z] progress 3500/15929 ok=2914 fail=586
[2026-09-04T22:32:30.235Z] progress 3550/15929 ok=2953 fail=597
[2026-09-04T22:32:34.198Z] progress 3600/15929 ok=3000 fail=600
[2026-09-04T22:32:43.399Z] progress 3650/15929 ok=3046 fail=604
[2026-09-04T22:32:44.778Z] progress 3700/15929 ok=3092 fail=608
[2026-09-04T22:33:04.433Z] progress 3750/15929 ok=3121 fail=629
[2026-09-04T22:33:15.863Z] progress 3800/15929 ok=3161 fail=639
[2026-09-04T22:33:18.762Z] progress 3850/15929 ok=3198 fail=652
[2026-09-04T22:33:35.463Z] progress 3900/15929 ok=3241 fail=659
[2026-09-04T22:33:39.983Z] progress 3950/15929 ok=3273 fail=677
[2026-09-04T22:33:43.544Z] progress 4000/15929 ok=3312 fail=688
[2026-09-04T22:33:50.258Z] progress 4050/15929 ok=3352 fail=698
[2026-09-04T22:34:30.936Z] progress 4100/15929 ok=3368 fail=732
[2026-09-04T22:35:26.386Z] progress 4150/15929 ok=3377 fail=773
[2026-09-04T22:35:32.207Z] progress 4200/15929 ok=3417 fail=783
[2026-09-04T22:35:34.145Z] progress 4250/15929 ok=3449 fail=801
[2026-09-04T22:35:35.691Z] progress 4300/15929 ok=3499 fail=801
[2026-09-04T22:35:53.133Z] progress 4350/15929 ok=3536 fail=814
[2026-09-04T22:35:54.888Z] progress 4400/15929 ok=3586 fail=814
[2026-09-04T22:35:56.639Z] progress 4450/15929 ok=3635 fail=815
[2026-09-04T22:35:58.120Z] progress 4500/15929 ok=3683 fail=817
[2026-09-04T22:35:59.702Z] progress 4550/15929 ok=3733 fail=817
[2026-09-04T22:36:01.211Z] progress 4600/15929 ok=3783 fail=817
[2026-09-04T22:36:02.742Z] progress 4650/15929 ok=3833 fail=817
[2026-09-04T22:36:04.182Z] progress 4700/15929 ok=3883 fail=817
[2026-09-04T22:36:05.883Z] progress 4750/15929 ok=3933 fail=817
[2026-09-04T22:36:07.396Z] progress 4800/15929 ok=3981 fail=819
[2026-09-04T22:36:08.760Z] progress 4850/15929 ok=4028 fail=822
[2026-09-04T22:36:20.818Z] progress 4900/15929 ok=4072 fail=828
[2026-09-04T22:36:28.779Z] progress 4950/15929 ok=4118 fail=832
[2026-09-04T22:36:30.036Z] progress 5000/15929 ok=4135 fail=865
[2026-09-04T22:36:31.859Z] progress 5050/15929 ok=4182 fail=868
[2026-09-04T22:36:33.436Z] progress 5100/15929 ok=4231 fail=869
[2026-09-04T22:36:38.504Z] progress 5150/15929 ok=4278 fail=872
[2026-09-04T22:36:41.004Z] progress 5200/15929 ok=4328 fail=872
[2026-09-04T22:36:44.490Z] progress 5250/15929 ok=4374 fail=876
[2026-09-04T22:36:49.303Z] progress 5300/15929 ok=4416 fail=884
[2026-09-04T22:36:56.191Z] progress 5350/15929 ok=4460 fail=890
[2026-09-04T22:37:00.714Z] progress 5400/15929 ok=4505 fail=895
[2026-09-04T22:37:11.748Z] progress 5450/15929 ok=4546 fail=904
[2026-09-04T22:37:30.901Z] progress 5500/15929 ok=4591 fail=909
[2026-09-04T22:37:36.301Z] progress 5550/15929 ok=4625 fail=925
[2026-09-04T22:37:45.855Z] progress 5600/15929 ok=4673 fail=927
[2026-09-04T22:37:47.311Z] progress 5650/15929 ok=4705 fail=945
[2026-09-04T22:38:19.135Z] progress 5700/15929 ok=4711 fail=989
[2026-09-04T22:38:37.750Z] progress 5750/15929 ok=4746 fail=1004
[2026-09-04T22:38:41.239Z] progress 5800/15929 ok=4781 fail=1019
[2026-09-04T22:38:51.369Z] progress 5850/15929 ok=4825 fail=1025
[2026-09-04T22:39:16.103Z] progress 5900/15929 ok=4858 fail=1042
[2026-09-04T22:39:20.567Z] progress 5950/15929 ok=4906 fail=1044
[2026-09-04T22:39:25.549Z] progress 6000/15929 ok=4949 fail=1051
[2026-09-04T22:39:52.948Z] progress 6050/15929 ok=4978 fail=1072
[2026-09-04T22:39:57.432Z] progress 6100/15929 ok=5015 fail=1085
[2026-09-04T22:40:12.449Z] progress 6150/15929 ok=5057 fail=1093
[2026-09-04T22:40:14.467Z] progress 6200/15929 ok=5096 fail=1104
[2026-09-04T22:40:17.672Z] progress 6250/15929 ok=5146 fail=1104
[2026-09-04T22:40:26.616Z] progress 6300/15929 ok=5175 fail=1125
[2026-09-04T22:41:00.889Z] progress 6350/15929 ok=5205 fail=1145
[2026-09-04T22:41:13.193Z] progress 6400/15929 ok=5248 fail=1152
[2026-09-04T22:41:24.479Z] progress 6450/15929 ok=5296 fail=1154
[2026-09-04T22:41:28.646Z] progress 6500/15929 ok=5344 fail=1156
[2026-09-04T22:41:42.873Z] progress 6550/15929 ok=5378 fail=1172
[2026-09-04T22:41:50.352Z] progress 6600/15929 ok=5418 fail=1182
[2026-09-04T22:41:54.017Z] progress 6650/15929 ok=5467 fail=1183
[2026-09-04T22:42:21.731Z] progress 6700/15929 ok=5499 fail=1201
[2026-09-04T22:42:25.781Z] progress 6750/15929 ok=5549 fail=1201
[2026-09-04T22:42:28.851Z] progress 6800/15929 ok=5596 fail=1204
[2026-09-04T22:42:33.243Z] progress 6850/15929 ok=5639 fail=1211
[2026-09-04T22:42:36.225Z] progress 6900/15929 ok=5683 fail=1217
[2026-09-04T22:42:37.817Z] progress 6950/15929 ok=5729 fail=1221
[2026-09-04T22:42:56.817Z] progress 7000/15929 ok=5764 fail=1236
[2026-09-04T22:43:02.699Z] progress 7050/15929 ok=5809 fail=1241
[2026-09-04T22:43:08.543Z] progress 7100/15929 ok=5856 fail=1244
[2026-09-04T22:43:10.469Z] progress 7150/15929 ok=5900 fail=1250
[2026-09-04T22:43:12.785Z] progress 7200/15929 ok=5947 fail=1253
[2026-09-04T22:43:17.097Z] progress 7250/15929 ok=5991 fail=1259
[2026-09-04T22:43:26.188Z] progress 7300/15929 ok=6034 fail=1266
[2026-09-04T22:43:50.523Z] progress 7350/15929 ok=6064 fail=1286
[2026-09-04T22:44:08.267Z] progress 7400/15929 ok=6103 fail=1297
[2026-09-04T22:44:38.731Z] progress 7450/15929 ok=6127 fail=1323
[2026-09-04T22:44:51.561Z] progress 7500/15929 ok=6161 fail=1339
[2026-09-04T22:44:55.864Z] progress 7550/15929 ok=6202 fail=1348
[2026-09-04T22:45:14.409Z] progress 7600/15929 ok=6239 fail=1361
[2026-09-04T22:45:33.464Z] progress 7650/15929 ok=6275 fail=1375
[2026-09-04T22:45:38.613Z] progress 7700/15929 ok=6305 fail=1395
[2026-09-04T22:45:42.240Z] progress 7750/15929 ok=6346 fail=1404
[2026-09-04T22:45:45.196Z] progress 7800/15929 ok=6395 fail=1405
[2026-09-04T22:45:49.301Z] progress 7850/15929 ok=6437 fail=1413
[2026-09-04T22:45:57.286Z] progress 7900/15929 ok=6479 fail=1421
[2026-09-04T22:46:07.533Z] progress 7950/15929 ok=6506 fail=1444
[2026-09-04T22:46:15.969Z] progress 8000/15929 ok=6546 fail=1454
[2026-09-04T22:46:38.747Z] progress 8050/15929 ok=6582 fail=1468
[2026-09-04T22:46:50.619Z] progress 8100/15929 ok=6617 fail=1483
[2026-09-04T22:47:01.035Z] progress 8150/15929 ok=6653 fail=1497
[2026-09-04T22:47:31.132Z] progress 8200/15929 ok=6682 fail=1518
[2026-09-04T22:47:35.010Z] progress 8250/15929 ok=6728 fail=1522
[2026-09-04T22:47:36.902Z] progress 8300/15929 ok=6774 fail=1526
[2026-09-04T22:47:53.068Z] progress 8350/15929 ok=6804 fail=1546
[2026-09-04T22:47:58.164Z] progress 8400/15929 ok=6849 fail=1551
[2026-09-04T22:48:03.745Z] progress 8450/15929 ok=6897 fail=1553
[2026-09-04T22:48:18.741Z] progress 8500/15929 ok=6940 fail=1560
[2026-09-04T22:48:28.902Z] progress 8550/15929 ok=6984 fail=1566
[2026-09-04T22:48:41.662Z] progress 8600/15929 ok=7013 fail=1587
[2026-09-04T22:49:26.698Z] progress 8650/15929 ok=7048 fail=1602
[2026-09-04T22:49:59.133Z] progress 8700/15929 ok=7080 fail=1620
[2026-09-04T22:51:56.409Z] progress 8750/15929 ok=7091 fail=1659
[2026-09-04T22:51:59.764Z] progress 8800/15929 ok=7120 fail=1680
[2026-09-04T22:52:02.558Z] progress 8850/15929 ok=7168 fail=1682
[2026-09-04T22:53:17.011Z] progress 8900/15929 ok=7195 fail=1705
[2026-09-04T22:54:51.148Z] progress 8950/15929 ok=7215 fail=1735
[2026-09-04T22:54:52.946Z] progress 9000/15929 ok=7264 fail=1736
[2026-09-04T22:55:09.222Z] progress 9050/15929 ok=7314 fail=1736
[2026-09-04T22:55:13.364Z] progress 9100/15929 ok=7360 fail=1740
[2026-09-04T22:55:14.626Z] progress 9150/15929 ok=7410 fail=1740
[2026-09-04T22:55:16.028Z] progress 9200/15929 ok=7460 fail=1740
[2026-09-04T22:55:18.950Z] progress 9250/15929 ok=7475 fail=1775
[2026-09-04T22:55:41.110Z] progress 9300/15929 ok=7510 fail=1790
[2026-09-04T22:55:42.887Z] progress 9350/15929 ok=7554 fail=1796
[2026-09-04T22:55:49.135Z] progress 9400/15929 ok=7593 fail=1807
[2026-09-04T22:55:53.585Z] progress 9450/15929 ok=7630 fail=1820
[2026-09-04T22:55:59.149Z] progress 9500/15929 ok=7678 fail=1822
[2026-09-04T22:57:05.057Z] progress 9550/15929 ok=7686 fail=1864
[2026-09-04T22:58:02.453Z] progress 9600/15929 ok=7698 fail=1902
[2026-09-04T22:58:20.868Z] progress 9650/15929 ok=7734 fail=1916
[2026-09-04T22:58:24.828Z] progress 9700/15929 ok=7772 fail=1928
[2026-09-04T22:58:26.661Z] progress 9750/15929 ok=7819 fail=1931
[2026-09-04T22:58:29.407Z] progress 9800/15929 ok=7866 fail=1934
[2026-09-04T22:58:48.847Z] progress 9850/15929 ok=7903 fail=1947
[2026-09-04T22:58:55.751Z] progress 9900/15929 ok=7945 fail=1955
[2026-09-04T22:58:57.544Z] progress 9950/15929 ok=7995 fail=1955
[2026-09-04T22:59:01.083Z] progress 10000/15929 ok=8043 fail=1957
[2026-09-04T22:59:03.791Z] progress 10050/15929 ok=8093 fail=1957
[2026-09-04T22:59:08.811Z] progress 10100/15929 ok=8140 fail=1960
[2026-09-04T22:59:16.195Z] progress 10150/15929 ok=8185 fail=1965
[2026-09-04T22:59:18.076Z] progress 10200/15929 ok=8234 fail=1966
[2026-09-04T22:59:21.223Z] progress 10250/15929 ok=8283 fail=1967
[2026-09-04T22:59:24.180Z] progress 10300/15929 ok=8333 fail=1967
[2026-09-04T22:59:25.731Z] progress 10350/15929 ok=8381 fail=1969
[2026-09-04T22:59:28.534Z] progress 10400/15929 ok=8430 fail=1970
[2026-09-04T22:59:29.936Z] progress 10450/15929 ok=8479 fail=1971
[2026-09-04T22:59:31.485Z] progress 10500/15929 ok=8529 fail=1971
[2026-09-04T22:59:35.527Z] progress 10550/15929 ok=8579 fail=1971
[2026-09-04T22:59:36.864Z] progress 10600/15929 ok=8629 fail=1971
[2026-09-04T22:59:38.300Z] progress 10650/15929 ok=8679 fail=1971
[2026-09-04T22:59:41.231Z] progress 10700/15929 ok=8729 fail=1971
[2026-09-04T22:59:42.530Z] progress 10750/15929 ok=8779 fail=1971
[2026-09-04T22:59:44.222Z] progress 10800/15929 ok=8829 fail=1971
[2026-09-04T22:59:47.014Z] progress 10850/15929 ok=8879 fail=1971
[2026-09-04T22:59:50.030Z] progress 10900/15929 ok=8929 fail=1971
[2026-09-04T22:59:51.531Z] progress 10950/15929 ok=8979 fail=1971
[2026-09-04T22:59:54.333Z] progress 11000/15929 ok=9029 fail=1971
[2026-09-04T22:59:55.668Z] progress 11050/15929 ok=9079 fail=1971
[2026-09-04T23:00:00.540Z] progress 11100/15929 ok=9128 fail=1972
[2026-09-04T23:00:02.390Z] progress 11150/15929 ok=9178 fail=1972
[2026-09-04T23:00:04.229Z] progress 11200/15929 ok=9228 fail=1972
[2026-09-04T23:00:05.910Z] progress 11250/15929 ok=9278 fail=1972
[2026-09-04T23:00:07.518Z] progress 11300/15929 ok=9328 fail=1972
[2026-09-04T23:00:09.098Z] progress 11350/15929 ok=9378 fail=1972
[2026-09-04T23:00:10.649Z] progress 11400/15929 ok=9428 fail=1972
[2026-09-04T23:00:12.268Z] progress 11450/15929 ok=9478 fail=1972
[2026-09-04T23:00:13.782Z] progress 11500/15929 ok=9528 fail=1972
[2026-09-04T23:00:15.392Z] progress 11550/15929 ok=9578 fail=1972
[2026-09-04T23:00:16.749Z] progress 11600/15929 ok=9625 fail=1975
[2026-09-04T23:00:18.229Z] progress 11650/15929 ok=9674 fail=1976
[2026-09-04T23:00:19.603Z] progress 11700/15929 ok=9724 fail=1976
[2026-09-04T23:00:21.085Z] progress 11750/15929 ok=9774 fail=1976
[2026-09-04T23:00:22.489Z] progress 11800/15929 ok=9824 fail=1976
[2026-09-04T23:00:23.734Z] progress 11850/15929 ok=9874 fail=1976
[2026-09-04T23:00:25.086Z] progress 11900/15929 ok=9924 fail=1976
[2026-09-04T23:00:26.529Z] progress 11950/15929 ok=9974 fail=1976
[2026-09-04T23:00:27.896Z] progress 12000/15929 ok=10024 fail=1976
[2026-09-04T23:00:29.321Z] progress 12050/15929 ok=10074 fail=1976
[2026-09-04T23:00:30.682Z] progress 12100/15929 ok=10124 fail=1976
[2026-09-04T23:00:32.141Z] progress 12150/15929 ok=10174 fail=1976
[2026-09-04T23:00:33.521Z] progress 12200/15929 ok=10224 fail=1976
[2026-09-04T23:00:34.915Z] progress 12250/15929 ok=10274 fail=1976
[2026-09-04T23:00:36.319Z] progress 12300/15929 ok=10324 fail=1976
[2026-09-04T23:00:37.745Z] progress 12350/15929 ok=10374 fail=1976
[2026-09-04T23:00:39.133Z] progress 12400/15929 ok=10424 fail=1976
[2026-09-04T23:00:40.625Z] progress 12450/15929 ok=10474 fail=1976
[2026-09-04T23:00:42.211Z] progress 12500/15929 ok=10524 fail=1976
[2026-09-04T23:00:43.544Z] progress 12550/15929 ok=10574 fail=1976
[2026-09-04T23:00:45.016Z] progress 12600/15929 ok=10624 fail=1976
[2026-09-04T23:00:46.454Z] progress 12650/15929 ok=10674 fail=1976
[2026-09-04T23:00:47.950Z] progress 12700/15929 ok=10724 fail=1976
[2026-09-04T23:00:49.320Z] progress 12750/15929 ok=10774 fail=1976
[2026-09-04T23:00:50.735Z] progress 12800/15929 ok=10824 fail=1976
[2026-09-04T23:00:52.325Z] progress 12850/15929 ok=10874 fail=1976
[2026-09-04T23:00:53.770Z] progress 12900/15929 ok=10924 fail=1976
[2026-09-04T23:00:55.066Z] progress 12950/15929 ok=10974 fail=1976
[2026-09-04T23:00:56.484Z] progress 13000/15929 ok=11024 fail=1976
[2026-09-04T23:00:57.785Z] progress 13050/15929 ok=11074 fail=1976
[2026-09-04T23:00:59.246Z] progress 13100/15929 ok=11124 fail=1976
[2026-09-04T23:01:00.548Z] progress 13150/15929 ok=11174 fail=1976
[2026-09-04T23:01:02.075Z] progress 13200/15929 ok=11224 fail=1976
[2026-09-04T23:01:03.520Z] progress 13250/15929 ok=11274 fail=1976
[2026-09-04T23:01:05.028Z] progress 13300/15929 ok=11324 fail=1976
[2026-09-04T23:01:06.338Z] progress 13350/15929 ok=11374 fail=1976
[2026-09-04T23:01:07.589Z] progress 13400/15929 ok=11424 fail=1976
[2026-09-04T23:01:09.080Z] progress 13450/15929 ok=11474 fail=1976
[2026-09-04T23:01:10.509Z] progress 13500/15929 ok=11524 fail=1976
[2026-09-04T23:01:11.958Z] progress 13550/15929 ok=11574 fail=1976
[2026-09-04T23:01:13.882Z] progress 13600/15929 ok=11624 fail=1976
[2026-09-04T23:01:15.594Z] progress 13650/15929 ok=11674 fail=1976
[2026-09-04T23:01:17.390Z] progress 13700/15929 ok=11724 fail=1976
[2026-09-04T23:01:19.121Z] progress 13750/15929 ok=11773 fail=1977
[2026-09-04T23:01:20.555Z] progress 13800/15929 ok=11823 fail=1977
[2026-09-04T23:01:21.930Z] progress 13850/15929 ok=11873 fail=1977
[2026-09-04T23:01:23.237Z] progress 13900/15929 ok=11923 fail=1977
[2026-09-04T23:01:24.704Z] progress 13950/15929 ok=11973 fail=1977
[2026-09-04T23:01:26.099Z] progress 14000/15929 ok=12023 fail=1977
[2026-09-04T23:01:27.770Z] progress 14050/15929 ok=12073 fail=1977
[2026-09-04T23:01:29.569Z] progress 14100/15929 ok=12123 fail=1977
[2026-09-04T23:01:31.368Z] progress 14150/15929 ok=12173 fail=1977
[2026-09-04T23:01:33.277Z] progress 14200/15929 ok=12223 fail=1977
[2026-09-04T23:01:34.676Z] progress 14250/15929 ok=12273 fail=1977
[2026-09-04T23:01:35.982Z] progress 14300/15929 ok=12323 fail=1977
[2026-09-04T23:01:37.472Z] progress 14350/15929 ok=12373 fail=1977
[2026-09-04T23:01:38.750Z] progress 14400/15929 ok=12423 fail=1977
[2026-09-04T23:01:39.978Z] progress 14450/15929 ok=12473 fail=1977
[2026-09-04T23:01:41.595Z] progress 14500/15929 ok=12523 fail=1977
[2026-09-04T23:01:42.873Z] progress 14550/15929 ok=12573 fail=1977
[2026-09-04T23:01:45.221Z] progress 14600/15929 ok=12623 fail=1977
[2026-09-04T23:01:46.592Z] progress 14650/15929 ok=12673 fail=1977
[2026-09-04T23:01:48.069Z] progress 14700/15929 ok=12723 fail=1977
[2026-09-04T23:01:49.609Z] progress 14750/15929 ok=12773 fail=1977
[2026-09-04T23:01:50.876Z] progress 14800/15929 ok=12823 fail=1977
[2026-09-04T23:01:52.467Z] progress 14850/15929 ok=12873 fail=1977
[2026-09-04T23:01:53.692Z] progress 14900/15929 ok=12923 fail=1977
[2026-09-04T23:01:55.147Z] progress 14950/15929 ok=12973 fail=1977
[2026-09-04T23:01:56.557Z] progress 15000/15929 ok=13023 fail=1977
[2026-09-04T23:01:58.335Z] progress 15050/15929 ok=13073 fail=1977
[2026-09-04T23:02:00.014Z] progress 15100/15929 ok=13123 fail=1977
[2026-09-04T23:02:01.312Z] progress 15150/15929 ok=13173 fail=1977
[2026-09-04T23:02:02.742Z] progress 15200/15929 ok=13223 fail=1977
[2026-09-04T23:02:04.314Z] progress 15250/15929 ok=13273 fail=1977
[2026-09-04T23:02:05.709Z] progress 15300/15929 ok=13323 fail=1977
[2026-09-04T23:02:06.965Z] progress 15350/15929 ok=13373 fail=1977
[2026-09-04T23:02:08.474Z] progress 15400/15929 ok=13423 fail=1977
[2026-09-04T23:02:09.724Z] progress 15450/15929 ok=13471 fail=1979
[2026-09-04T23:02:11.069Z] progress 15500/15929 ok=13519 fail=1981
[2026-09-04T23:02:12.530Z] progress 15550/15929 ok=13550 fail=2000
[2026-09-04T23:02:49.483Z] progress 15600/15929 ok=13590 fail=2010
[2026-09-04T23:04:14.529Z] progress 15650/15929 ok=13602 fail=2048
[2026-09-04T23:04:17.594Z] progress 15700/15929 ok=13638 fail=2062
[2026-09-04T23:04:22.934Z] progress 15750/15929 ok=13688 fail=2062
[2026-09-04T23:04:30.347Z] progress 15800/15929 ok=13731 fail=2069
[2026-09-04T23:04:39.622Z] progress 15850/15929 ok=13771 fail=2079
[2026-09-04T23:04:43.154Z] progress 15900/15929 ok=13816 fail=2084
[2026-09-04T23:04:55.533Z] DONE in 41.8 min — ok=13838 fail=2091 attempted=15929
